handlers\ScedulerHandler.class
dao\MarathonDao$MarathonDaoBuilder.class
handlers\AllRecipesHandler.class
handlers\RootHandler.class
dao\UsersDao.class
dao\MarathonDao.class
handlers\MarathonTitleHandler.class
dao\MarathonAssignDao$MarathonAssignDaoBuilder.class
dao\UsersDao$UsersDaoBuilder.class
handlers\LoginHandler.class
handlers\ShareHandler.class
dao\PostgreDaoAbstract.class
dao\DishesDao.class
Start.class
dao\MarathonListDao.class
entities\Secret.class
handlers\MarathonListHandler.class
handlers\UsersHandler.class
entities\FoodEntity.class
dao\SceduleDao.class
enums\Days.class
dao\MarathonListHeaderDao.class
utils\Utils.class
dao\MarathonListDao$MarathonListDaoBuilder.class
entities\RecipeEntity.class
handlers\Handler.class
handlers\IHandler.class
entities\DayEntity.class
dao\AllDishesDao.class
entities\WeekEntity.class
entities\ShareRequestEntity.class
dao\Dao.class
entities\GraficEntity.class
dao\MarathonListHeaderDao$MarathonListHeaderDaoBuilder.class
dao\CookingDao.class
handlers\DishesHandler.class
dao\MarathonAssignDao.class
handlers\RecipeHandler.class
