D:\IdeaProjects\MarathonAPI\src\main\java\handlers\UsersHandler.java
D:\IdeaProjects\MarathonAPI\src\main\java\dao\MarathonDao.java
D:\IdeaProjects\MarathonAPI\src\main\java\entities\RecipeEntity.java
D:\IdeaProjects\MarathonAPI\src\main\java\dao\DishesDao.java
D:\IdeaProjects\MarathonAPI\src\main\java\entities\ShareRequestEntity.java
D:\IdeaProjects\MarathonAPI\src\main\java\dao\AllDishesDao.java
D:\IdeaProjects\MarathonAPI\src\main\java\dao\CookingDao.java
D:\IdeaProjects\MarathonAPI\src\main\java\handlers\ShareHandler.java
D:\IdeaProjects\MarathonAPI\src\main\java\handlers\LoginHandler.java
D:\IdeaProjects\MarathonAPI\src\main\java\dao\MarathonListDao.java
D:\IdeaProjects\MarathonAPI\src\main\java\handlers\AllRecipesHandler.java
D:\IdeaProjects\MarathonAPI\src\main\java\handlers\DishesHandler.java
D:\IdeaProjects\MarathonAPI\src\main\java\dao\MarathonAssignDao.java
D:\IdeaProjects\MarathonAPI\src\main\java\entities\Secret.java
D:\IdeaProjects\MarathonAPI\src\main\java\handlers\IHandler.java
D:\IdeaProjects\MarathonAPI\src\main\java\handlers\MarathonTitleHandler.java
D:\IdeaProjects\MarathonAPI\src\main\java\handlers\RootHandler.java
D:\IdeaProjects\MarathonAPI\src\main\java\entities\GraficEntity.java
D:\IdeaProjects\MarathonAPI\src\main\java\handlers\ScedulerHandler.java
D:\IdeaProjects\MarathonAPI\src\main\java\enums\Days.java
D:\IdeaProjects\MarathonAPI\src\main\java\handlers\RecipeHandler.java
D:\IdeaProjects\MarathonAPI\src\main\java\entities\DayEntity.java
D:\IdeaProjects\MarathonAPI\src\main\java\handlers\Handler.java
D:\IdeaProjects\MarathonAPI\src\main\java\dao\MarathonListHeaderDao.java
D:\IdeaProjects\MarathonAPI\src\main\java\Start.java
D:\IdeaProjects\MarathonAPI\src\main\java\utils\Utils.java
D:\IdeaProjects\MarathonAPI\src\main\java\handlers\MarathonListHandler.java
D:\IdeaProjects\MarathonAPI\src\main\java\entities\WeekEntity.java
D:\IdeaProjects\MarathonAPI\src\main\java\dao\UsersDao.java
D:\IdeaProjects\MarathonAPI\src\main\java\entities\FoodEntity.java
D:\IdeaProjects\MarathonAPI\src\main\java\dao\SceduleDao.java
D:\IdeaProjects\MarathonAPI\src\main\java\dao\Dao.java
D:\IdeaProjects\MarathonAPI\src\main\java\dao\PostgreDaoAbstract.java
